kotlin version: 2.0.21
error message: java.lang.UnsatisfiedLinkError: /opt/homebrew/Cellar/openjdk@17/17.0.19/libexec/openjdk.jdk/Contents/Home/lib/libfontmanager.dylib: dlopen(/opt/homebrew/Cellar/openjdk@17/17.0.19/libexec/openjdk.jdk/Contents/Home/lib/libfontmanager.dylib, 0x0001): Library not loaded: /opt/homebrew/opt/harfbuzz/lib/libharfbuzz.0.dylib
  Referenced from: <9221ECEA-C1E1-3BB1-AFC2-28DE7C0A245B> /opt/homebrew/Cellar/openjdk@17/17.0.19/libexec/openjdk.jdk/Contents/Home/lib/libfontmanager.dylib
  Reason: tried: '/opt/homebrew/opt/harfbuzz/lib/libharfbuzz.0.dylib' (no such file), '/System/Volumes/Preboot/Cryptexes/OS/opt/homebrew/opt/harfbuzz/lib/libharfbuzz.0.dylib' (no such file), '/opt/homebrew/opt/harfbuzz/lib/libharfbuzz.0.dylib' (no such file)
	at java.base/jdk.internal.loader.NativeLibraries.load(Native Method)
	at java.base/jdk.internal.loader.NativeLibraries$NativeLibraryImpl.open(NativeLibraries.java:388)
	at java.base/jdk.internal.loader.NativeLibraries.loadLibrary(NativeLibraries.java:232)
	at java.base/jdk.internal.loader.NativeLibraries.loadLibrary(NativeLibraries.java:174)
	at java.base/jdk.internal.loader.NativeLibraries.findFromPaths(NativeLibraries.java:315)
	at java.base/jdk.internal.loader.NativeLibraries.loadLibrary(NativeLibraries.java:285)
	at java.base/java.lang.ClassLoader.loadLibrary(ClassLoader.java:2403)
	at java.base/java.lang.Runtime.loadLibrary0(Runtime.java:818)
	at java.base/java.lang.System.loadLibrary(System.java:2006)
	at java.desktop/sun.lwawt.macosx.LWCToolkit$1.run(LWCToolkit.java:162)
	at java.desktop/sun.lwawt.macosx.LWCToolkit$1.run(LWCToolkit.java:151)
	at java.base/java.security.AccessController.doPrivileged(AccessController.java:318)
	at java.desktop/sun.lwawt.macosx.LWCToolkit.<clinit>(LWCToolkit.java:150)
	at java.desktop/sun.awt.PlatformGraphicsInfo.createToolkit(PlatformGraphicsInfo.java:48)
	at java.desktop/java.awt.Toolkit.getDefaultToolkit(Toolkit.java:595)
	at java.desktop/java.awt.Toolkit.getEventQueue(Toolkit.java:1489)
	at java.desktop/java.awt.EventQueue.isDispatchThread(EventQueue.java:1089)
	at java.desktop/javax.swing.SwingUtilities.isEventDispatchThread(SwingUtilities.java:1493)
	at org.jetbrains.kotlin.com.intellij.openapi.application.TransactionGuardImpl.<init>(TransactionGuardImpl.java:35)
	at java.base/jdk.internal.reflect.NativeConstructorAccessorImpl.newInstance0(Native Method)
	at java.base/jdk.internal.reflect.NativeConstructorAccessorImpl.newInstance(NativeConstructorAccessorImpl.java:77)
	at java.base/jdk.internal.reflect.DelegatingConstructorAccessorImpl.newInstance(DelegatingConstructorAccessorImpl.java:45)
	at java.base/java.lang.reflect.Constructor.newInstanceWithCaller(Constructor.java:500)
	at java.base/java.lang.reflect.Constructor.newInstance(Constructor.java:481)
	at org.jetbrains.kotlin.com.intellij.util.pico.CachingConstructorInjectionComponentAdapter.doGetComponentInstance(CachingConstructorInjectionComponentAdapter.java:96)
	at org.jetbrains.kotlin.com.intellij.util.pico.CachingConstructorInjectionComponentAdapter.instantiateGuarded(CachingConstructorInjectionComponentAdapter.java:72)
	at org.jetbrains.kotlin.com.intellij.util.pico.CachingConstructorInjectionComponentAdapter.getComponentInstance(CachingConstructorInjectionComponentAdapter.java:54)
	at org.jetbrains.kotlin.com.intellij.util.pico.DefaultPicoContainer.getService(DefaultPicoContainer.java:138)
	at org.jetbrains.kotlin.com.intellij.mock.MockComponentManager.getService(MockComponentManager.java:140)
	at org.jetbrains.kotlin.com.intellij.mock.MockApplication.doGetService(MockApplication.java:58)
	at org.jetbrains.kotlin.com.intellij.mock.MockApplication.getService(MockApplication.java:54)
	at org.jetbrains.kotlin.com.intellij.openapi.application.TransactionGuard.lambda$static$0(TransactionGuard.java:52)
	at org.jetbrains.kotlin.com.intellij.util.concurrency.SynchronizedClearableLazy._get_value_$lambda$1$lambda$0(SynchronizedClearableLazy.kt:41)
	at java.base/java.util.concurrent.atomic.AtomicReference.updateAndGet(AtomicReference.java:210)
	at org.jetbrains.kotlin.com.intellij.util.concurrency.SynchronizedClearableLazy.getValue(SynchronizedClearableLazy.kt:40)
	at org.jetbrains.kotlin.com.intellij.util.concurrency.SynchronizedClearableLazy.get(SynchronizedClearableLazy.kt:28)
	at org.jetbrains.kotlin.com.intellij.openapi.application.TransactionGuard.getInstance(TransactionGuard.java:56)
	at org.jetbrains.kotlin.com.intellij.psi.impl.PsiModificationTrackerImpl.fireEvent(PsiModificationTrackerImpl.java:81)
	at org.jetbrains.kotlin.com.intellij.psi.impl.PsiModificationTrackerImpl.incCountersInner(PsiModificationTrackerImpl.java:87)
	at org.jetbrains.kotlin.com.intellij.psi.impl.PsiModificationTrackerImpl.treeChanged(PsiModificationTrackerImpl.java:97)
	at org.jetbrains.kotlin.com.intellij.psi.impl.PsiManagerImpl.fireEvent(PsiManagerImpl.java:346)
	at org.jetbrains.kotlin.com.intellij.psi.impl.PsiManagerImpl.propertyChanged(PsiManagerImpl.java:320)
	at org.jetbrains.kotlin.com.intellij.psi.impl.file.impl.FileManagerImpl.firePropertyChangedForUnloadedPsi(FileManagerImpl.java:149)
	at org.jetbrains.kotlin.com.intellij.mock.MockApplication.runWriteAction(MockApplication.java:200)
	at org.jetbrains.kotlin.com.intellij.psi.impl.PsiManagerImpl.dropPsiCaches(PsiManagerImpl.java:93)
	at com.google.devtools.ksp.AbstractKotlinSymbolProcessingExtension.doAnalysis(KotlinSymbolProcessingExtension.kt:167)
	at org.jetbrains.kotlin.cli.jvm.compiler.TopDownAnalyzerFacadeForJVM.analyzeFilesWithJavaIntegration(TopDownAnalyzerFacadeForJVM.kt:112)
	at org.jetbrains.kotlin.cli.jvm.compiler.TopDownAnalyzerFacadeForJVM.analyzeFilesWithJavaIntegration$default(TopDownAnalyzerFacadeForJVM.kt:75)
	at org.jetbrains.kotlin.cli.jvm.compiler.KotlinToJVMBytecodeCompiler.analyze$lambda$12(KotlinToJVMBytecodeCompiler.kt:373)
	at org.jetbrains.kotlin.cli.common.messages.AnalyzerWithCompilerReport.analyzeAndReport(AnalyzerWithCompilerReport.kt:112)
	at org.jetbrains.kotlin.cli.jvm.compiler.KotlinToJVMBytecodeCompiler.analyze(KotlinToJVMBytecodeCompiler.kt:364)
	at org.jetbrains.kotlin.cli.jvm.compiler.KotlinToJVMBytecodeCompiler.repeatAnalysisIfNeeded(KotlinToJVMBytecodeCompiler.kt:282)
	at org.jetbrains.kotlin.cli.jvm.compiler.KotlinToJVMBytecodeCompiler.runFrontendAndGenerateIrUsingClassicFrontend(KotlinToJVMBytecodeCompiler.kt:195)
	at org.jetbrains.kotlin.cli.jvm.compiler.KotlinToJVMBytecodeCompiler.compileModules$cli(KotlinToJVMBytecodeCompiler.kt:106)
	at org.jetbrains.kotlin.cli.jvm.K2JVMCompiler.doExecute(K2JVMCompiler.kt:170)
	at org.jetbrains.kotlin.cli.jvm.K2JVMCompiler.doExecute(K2JVMCompiler.kt:43)
	at org.jetbrains.kotlin.cli.common.CLICompiler.execImpl(CLICompiler.kt:103)
	at org.jetbrains.kotlin.cli.common.CLICompiler.execImpl(CLICompiler.kt:49)
	at org.jetbrains.kotlin.cli.common.CLITool.exec(CLITool.kt:101)
	at org.jetbrains.kotlin.daemon.CompileServiceImpl.compile(CompileServiceImpl.kt:1555)
	at java.base/jdk.internal.reflect.NativeMethodAccessorImpl.invoke0(Native Method)
	at java.base/jdk.internal.reflect.NativeMethodAccessorImpl.invoke(NativeMethodAccessorImpl.java:77)
	at java.base/jdk.internal.reflect.DelegatingMethodAccessorImpl.invoke(DelegatingMethodAccessorImpl.java:43)
	at java.base/java.lang.reflect.Method.invoke(Method.java:569)
	at java.rmi/sun.rmi.server.UnicastServerRef.dispatch(UnicastServerRef.java:360)
	at java.rmi/sun.rmi.transport.Transport$1.run(Transport.java:200)
	at java.rmi/sun.rmi.transport.Transport$1.run(Transport.java:197)
	at java.base/java.security.AccessController.doPrivileged(AccessController.java:712)
	at java.rmi/sun.rmi.transport.Transport.serviceCall(Transport.java:196)
	at java.rmi/sun.rmi.transport.tcp.TCPTransport.handleMessages(TCPTransport.java:587)
	at java.rmi/sun.rmi.transport.tcp.TCPTransport$ConnectionHandler.run0(TCPTransport.java:828)
	at java.rmi/sun.rmi.transport.tcp.TCPTransport$ConnectionHandler.lambda$run$0(TCPTransport.java:705)
	at java.base/java.security.AccessController.doPrivileged(AccessController.java:399)
	at java.rmi/sun.rmi.transport.tcp.TCPTransport$ConnectionHandler.run(TCPTransport.java:704)
	at java.base/java.util.concurrent.ThreadPoolExecutor.runWorker(ThreadPoolExecutor.java:1136)
	at java.base/java.util.concurrent.ThreadPoolExecutor$Worker.run(ThreadPoolExecutor.java:635)
	at java.base/java.lang.Thread.run(Thread.java:840)


